src/lib/prisma.ts(11,32): error TS2345: Argument of type 'Pool' is not assignable to parameter of type 'PoolConfig'.
  Types of property 'Client' are incompatible.
    Types of construct signatures are incompatible.
      Type 'new (config?: string | ClientConfig | undefined) => Client' is not assignable to type 'new () => ClientBase'.
        Construct signature return types 'Client' and 'ClientBase' are incompatible.
          The types returned by 'connect()' are incompatible between these types.
            Type 'Promise<void>' is not assignable to type 'Promise<ClientBase>'.
              Type 'void' is not assignable to type 'ClientBase'.
